
> health@0.1.0 build
> next build

   Ôû▓ Next.js 15.3.3
   - Environments: .env

   Creating an optimized production build ...
 Ô£ô Compiled successfully in 5.0s
   Linting and checking validity of types ...
   Collecting page data ...
   Generating static pages (0/23) ...
   Generating static pages (5/23) 
   Generating static pages (11/23) 
   Generating static pages (17/23) 
 Ô£ô Generating static pages (23/23)
   Finalizing page optimization ...
   Collecting build traces ...

Route (app)                                                 Size  First Load JS
Ôöî ãÆ /                                                      243 B         101 kB
Ôö£ Ôùï /_not-found                                            243 B         101 kB
Ôö£ ãÆ /[locale]                                            3.85 kB         183 kB
Ôö£ ãÆ /[locale]/[category]                                 2.53 kB         174 kB
Ôö£ ãÆ /[locale]/[category]/[slug]                          8.85 kB         188 kB
Ôö£ ãÆ /[locale]/about                                      2.03 kB         129 kB
Ôö£ ãÆ /[locale]/confirm-email                              2.03 kB         129 kB
Ôö£ ãÆ /[locale]/confirm-newsletter                         3.59 kB         128 kB
Ôö£ ãÆ /[locale]/cookie-policy                              2.03 kB         126 kB
Ôö£ ãÆ /[locale]/create-article                             2.72 kB         130 kB
Ôö£ ãÆ /[locale]/dashboard                                  21.6 kB         183 kB
Ôö£ ãÆ /[locale]/favorites                                  2.09 kB         174 kB
Ôö£ ãÆ /[locale]/forgot-password                            3.15 kB         143 kB
Ôö£ ãÆ /[locale]/privacy-policy                             2.03 kB         126 kB
Ôö£ ãÆ /[locale]/profile                                    9.91 kB         176 kB
Ôö£ ãÆ /[locale]/reset-password                             3.47 kB         143 kB
Ôö£ ãÆ /[locale]/search                                     2.19 kB         174 kB
Ôö£ ãÆ /[locale]/signin                                     4.02 kB         153 kB
Ôö£ ãÆ /[locale]/signup                                     5.33 kB         150 kB
Ôö£ ãÆ /[locale]/site-map                                   2.03 kB         126 kB
Ôö£ ãÆ /[locale]/terms-conditions                           2.03 kB         126 kB
Ôö£ ãÆ /[locale]/unsubscribe                                2.03 kB         126 kB
Ôö£ ãÆ /api/v1/articles                                       243 B         101 kB
Ôö£ ãÆ /api/v1/articles-test                                  243 B         101 kB
Ôö£ ãÆ /api/v1/articles/by-id/[articleId]                     243 B         101 kB
Ôö£ ãÆ /api/v1/articles/by-id/[articleId]/likes               243 B         101 kB
Ôö£ ãÆ /api/v1/articles/by-id/[articleId]/views               243 B         101 kB
Ôö£ ãÆ /api/v1/articles/by-slug/[slug]                        243 B         101 kB
Ôö£ ãÆ /api/v1/articles/dashboard                             243 B         101 kB
Ôö£ ãÆ /api/v1/articles/paginated                             243 B         101 kB
Ôö£ ãÆ /api/v1/articles/stats                                 243 B         101 kB
Ôö£ ãÆ /api/v1/auth/[...nextauth]                             243 B         101 kB
Ôö£ ãÆ /api/v1/auth/confirm-email                             243 B         101 kB
Ôö£ ãÆ /api/v1/auth/request-email-confirmation                243 B         101 kB
Ôö£ ãÆ /api/v1/auth/request-password-reset                    243 B         101 kB
Ôö£ ãÆ /api/v1/auth/reset-password                            243 B         101 kB
Ôö£ ãÆ /api/v1/comments                                       243 B         101 kB
Ôö£ ãÆ /api/v1/comments/[commentId]                           243 B         101 kB
Ôö£ ãÆ /api/v1/comments/[commentId]/likes                     243 B         101 kB
Ôö£ ãÆ /api/v1/comments/[commentId]/reports                   243 B         101 kB
Ôö£ ãÆ /api/v1/comments/by-article/[articleId]                243 B         101 kB
Ôö£ ãÆ /api/v1/newsletter/send-newsletter                     243 B         101 kB
Ôö£ ãÆ /api/v1/subscribers                                    243 B         101 kB
Ôö£ ãÆ /api/v1/subscribers/[subscriberId]                     243 B         101 kB
Ôö£ ãÆ /api/v1/subscribers/confirm-newsletter-subscription    243 B         101 kB
Ôö£ ãÆ /api/v1/subscribers/newsletter-subscribe               243 B         101 kB
Ôö£ ãÆ /api/v1/subscribers/newsletter-unsubscribe             243 B         101 kB
Ôö£ ãÆ /api/v1/upload/image                                   243 B         101 kB
Ôö£ ãÆ /api/v1/users                                          243 B         101 kB
Ôö£ ãÆ /api/v1/users/[userId]                                 243 B         101 kB
Ôö£ ãÆ /api/v1/users/[userId]/liked-articles                  243 B         101 kB
Ôöö ãÆ /api/v1/users/comment-report                           243 B         101 kB
+ First Load JS shared by all                             101 kB
  Ôö£ chunks/1684-ae6343e0b769258a.js                      45.9 kB
  Ôö£ chunks/4bd1b696-e225459f6c11a671.js                  53.2 kB
  Ôöö other shared chunks (total)                             2 kB


ãÆ Middleware                                             44.4 kB

Ôùï  (Static)   prerendered as static content
ãÆ  (Dynamic)  server-rendered on demand

